Microsoft Windows [Version 10.0.19042.1083]
(c) Microsoft Corporation. All rights reserved.

C:\Users\ADMIN>pip install virtalenv
Defaulting to user installation because normal site-packages is not writeable
ERROR: Could not find a version that satisfies the requirement virtalenv (from versions: none)
ERROR: No matching distribution found for virtalenv
WARNING: You are using pip version 21.2.1; however, version 21.2.2 is available.
You should consider upgrading via the 'c:\program files\python39\python.exe -m pip install --upgrade pip' command.

C:\Users\ADMIN>
C:\Users\ADMIN>-m pip install --upgrade pip
'-m' is not recognized as an internal or external command,
operable program or batch file.

C:\Users\ADMIN>pip install --upgrade pip
Defaulting to user installation because normal site-packages is not writeable
Requirement already satisfied: pip in c:\users\admin\appdata\roaming\python\python39\site-packages (21.2.1)
Collecting pip
  Downloading pip-21.2.2-py3-none-any.whl (1.6 MB)
     |████████████████████████████████| 1.6 MB 139 kB/s
Installing collected packages: pip
  Attempting uninstall: pip
    Found existing installation: pip 21.2.1
    Uninstalling pip-21.2.1:
      Successfully uninstalled pip-21.2.1
Successfully installed pip-21.2.2

C:\Users\ADMIN>pip install virtualenv
Defaulting to user installation because normal site-packages is not writeable
Requirement already satisfied: virtualenv in c:\users\admin\appdata\roaming\python\python39\site-packages (20.6.0)
Requirement already satisfied: filelock<4,>=3.0.0 in c:\users\admin\appdata\roaming\python\python39\site-packages (from virtualenv) (3.0.12)
Requirement already satisfied: distlib<1,>=0.3.1 in c:\users\admin\appdata\roaming\python\python39\site-packages (from virtualenv) (0.3.2)
Requirement already satisfied: platformdirs<3,>=2 in c:\users\admin\appdata\roaming\python\python39\site-packages (from virtualenv) (2.1.0)
Requirement already satisfied: six<2,>=1.9.0 in c:\users\admin\appdata\roaming\python\python39\site-packages (from virtualenv) (1.16.0)
Requirement already satisfied: backports.entry-points-selectable>=1.0.4 in c:\users\admin\appdata\roaming\python\python39\site-packages (from virtualenv) (1.1.0)

C:\Users\ADMIN>pip install pipenv
Defaulting to user installation because normal site-packages is not writeable
Collecting pipenv
  Downloading pipenv-2021.5.29-py2.py3-none-any.whl (3.9 MB)
     |████████████████████████████████| 3.9 MB 544 kB/s
Requirement already satisfied: certifi in c:\users\admin\appdata\roaming\python\python39\site-packages (from pipenv) (2021.5.30)
Requirement already satisfied: setuptools>=36.2.1 in c:\program files\python39\lib\site-packages (from pipenv) (49.2.1)
Collecting virtualenv-clone>=0.2.5
  Downloading virtualenv_clone-0.5.6-py3-none-any.whl (6.6 kB)
Requirement already satisfied: virtualenv in c:\users\admin\appdata\roaming\python\python39\site-packages (from pipenv) (20.6.0)
Requirement already satisfied: pip>=18.0 in c:\users\admin\appdata\roaming\python\python39\site-packages (from pipenv) (21.2.2)
Requirement already satisfied: distlib<1,>=0.3.1 in c:\users\admin\appdata\roaming\python\python39\site-packages (from virtualenv->pipenv) (0.3.2)
Requirement already satisfied: six<2,>=1.9.0 in c:\users\admin\appdata\roaming\python\python39\site-packages (from virtualenv->pipenv) (1.16.0)
Requirement already satisfied: platformdirs<3,>=2 in c:\users\admin\appdata\roaming\python\python39\site-packages (from virtualenv->pipenv) (2.1.0)
Requirement already satisfied: filelock<4,>=3.0.0 in c:\users\admin\appdata\roaming\python\python39\site-packages (from virtualenv->pipenv) (3.0.12)
Requirement already satisfied: backports.entry-points-selectable>=1.0.4 in c:\users\admin\appdata\roaming\python\python39\site-packages (from virtualenv->pipenv) (1.1.0)
Installing collected packages: virtualenv-clone, pipenv
Successfully installed pipenv-2021.5.29 virtualenv-clone-0.5.6

C:\Users\ADMIN>pipenv install requests
Creating a virtualenv for this project...
Pipfile: C:\Users\ADMIN\Pipfile
Using C:/Program Files/Python39/python.exe (3.9.0) to create virtualenv...
[==  ] Creating virtual environment...created virtual environment CPython3.9.0.final.0-64 in 6889ms
  creator CPython3Windows(dest=C:\Users\ADMIN\.virtualenvs\ADMIN-oR8L15JL, clear=False, no_vcs_ignore=False, global=False)
  seeder FromAppData(download=False, pip=bundle, setuptools=bundle, wheel=bundle, via=copy, app_data_dir=C:\Users\ADMIN\AppData\Local\pypa\virtualenv)
    added seed packages: pip==21.1.3, setuptools==57.1.0, wheel==0.36.2
  activators BashActivator,BatchActivator,FishActivator,PowerShellActivator,PythonActivator,XonshActivator

Successfully created virtual environment!
Virtualenv location: C:\Users\ADMIN\.virtualenvs\ADMIN-oR8L15JL
Creating a Pipfile for this project...
Installing requests...
Adding requests to Pipfile's [packages]...
Installation Succeeded
Pipfile.lock not found, creating...
Locking [dev-packages] dependencies...
Locking [packages] dependencies...
           Building requirements...
Resolving dependencies...
Success!
Updated Pipfile.lock (fe5a22)!
Installing dependencies from Pipfile.lock (fe5a22)...
  ================================ 0/0 - 00:00:00
To activate this project's virtualenv, run pipenv shell.
Alternatively, run a command inside the virtualenv with pipenv run.

C:\Users\ADMIN>pipenv shell
Launching subshell in virtual environment...
Microsoft Windows [Version 10.0.19042.1083]
(c) Microsoft Corporation. All rights reserved.

(ADMIN-oR8L15JL) C:\Users\ADMIN>pip freeze
certifi==2021.5.30
charset-normalizer==2.0.4
idna==3.2
requests==2.26.0
urllib3==1.26.6

(ADMIN-oR8L15JL) C:\Users\ADMIN>python
Python 3.9.0 (tags/v3.9.0:9cf6752, Oct  5 2020, 15:34:40) [MSC v.1927 64 bit (AMD64)] on win32
Type "help", "copyright", "credits" or "license" for more information.
>>> import sys
>>> print(sys.executable)
C:\Users\ADMIN\.virtualenvs\ADMIN-oR8L15JL\Scripts\python.exe
>>>